
> frontend@0.0.0 build
> tsc -b && vite build

vite v7.3.1 building client environment for production...
transforming...
✓ 6 modules transformed.
✗ Build failed in 217ms
error during build:
[@tailwindcss/vite:generate:build] Cannot apply unknown utility class `shadow-[0_8px_32px_0_rgba(0,`
file: /home/martins/hacks/x402-stacks/pitchpay/frontend/src/index.css
    at onInvalidCandidate (file:///home/martins/hacks/x402-stacks/pitchpay/frontend/node_modules/tailwindcss/dist/chunk-CT46QCH7.mjs:21:1511)
    at Ce (file:///home/martins/hacks/x402-stacks/pitchpay/frontend/node_modules/tailwindcss/dist/chunk-CT46QCH7.mjs:16:36326)
    at file:///home/martins/hacks/x402-stacks/pitchpay/frontend/node_modules/tailwindcss/dist/chunk-CT46QCH7.mjs:21:355
    at br (file:///home/martins/hacks/x402-stacks/pitchpay/frontend/node_modules/tailwindcss/dist/chunk-CT46QCH7.mjs:3:1718)
    at I (file:///home/martins/hacks/x402-stacks/pitchpay/frontend/node_modules/tailwindcss/dist/chunk-CT46QCH7.mjs:3:1377)
    at Ae (file:///home/martins/hacks/x402-stacks/pitchpay/frontend/node_modules/tailwindcss/dist/chunk-CT46QCH7.mjs:21:172)
    at Wi (file:///home/martins/hacks/x402-stacks/pitchpay/frontend/node_modules/tailwindcss/dist/chunk-CT46QCH7.mjs:38:294)
    at async Za (file:///home/martins/hacks/x402-stacks/pitchpay/frontend/node_modules/tailwindcss/dist/chunk-CT46QCH7.mjs:38:631)
    at async rf (file:///home/martins/hacks/x402-stacks/pitchpay/frontend/node_modules/tailwindcss/dist/chunk-CT46QCH7.mjs:38:1406)
    at async lu (file:///home/martins/hacks/x402-stacks/pitchpay/frontend/node_modules/@tailwindcss/node/dist/index.mjs:10:3458)
